Traceback (most recent call last):
  File "bifurcDiagram.py", line 3, in <module>
    from AngleValue import *
ModuleNotFoundError: No module named 'AngleValue'
